2025-09-22 20:15:14,435 - INFO - Starting SIM PM+NE voxel classification training...
2025-09-22 20:15:14,436 - INFO - Processing _0-2-1-SIM...
2025-09-22 20:15:14,437 - INFO -   PM image: 20220909_0-2-1-SIM_Actin.tif
2025-09-22 20:15:14,437 - INFO -   NE image: 20220909_0-2-1-SIM_N.tif
2025-09-22 20:15:14,437 - INFO -   PM mask: 20220909_0-2-1-SIM_PM.mrc
2025-09-22 20:15:14,438 - INFO -   NE mask: 20220909_0-2-1-SIM_N.mrc
2025-09-22 20:15:31,041 - INFO -   PM image shape: (44, 2560, 2560), NE image shape: (44, 2560, 2560)
2025-09-22 20:15:31,042 - INFO -   PM mask shape: (44, 2560, 2560), NE mask shape: (44, 2560, 2560)
2025-09-22 20:15:42,664 - INFO -   PM mask unique values: [0 1]
2025-09-22 20:15:42,665 - INFO -   NE mask unique values: [0 1]
2025-09-22 20:15:54,053 - INFO -   Combined mask unique values: [0 1 2]
2025-09-22 20:15:54,262 - INFO -   Valid slices with annotations: 35/44
2025-09-22 20:15:55,383 - INFO -   Total voxels in valid slices: 229,376,000
2025-09-22 20:15:55,383 - INFO -   Background (0): 225,025,581 (98.1%)
2025-09-22 20:15:55,383 - INFO -   PM (1): 3,465,858 (1.5%)
2025-09-22 20:15:55,384 - INFO -   NE (2): 884,561 (0.4%)
2025-09-22 20:15:55,384 - INFO -   Using NATURAL sampling - preserving 3-class distribution
2025-09-22 20:15:55,384 - INFO -   Class ratios - Background: 0.981, PM: 0.015, NE: 0.004
2025-09-22 20:15:55,384 - INFO -   Natural sampling - Background: 19,620, PM: 302, NE: 77
2025-09-22 20:15:55,385 - INFO -   Total samples: 19,999 (0.01% of valid slice voxels)
2025-09-22 20:15:55,385 - INFO -   Extracting features...
2025-09-22 20:18:07,586 - INFO -   Collected 225025581 background, 3465858 PM, 884561 NE coordinates
2025-09-22 20:19:11,110 - INFO -   ✓ Completed _0-2-1-SIM, collected 19999 samples
2025-09-22 20:19:11,114 - INFO - Processing _0-2-2-SIM...
2025-09-22 20:19:11,114 - INFO -   PM image: 20220909_0-2-2-SIM_Actin.tif
2025-09-22 20:19:11,115 - INFO -   NE image: 20220909_0-2-2-SIM_N.tif
2025-09-22 20:19:11,115 - INFO -   PM mask: 20220909_0-2-2-SIM_PM.mrc
2025-09-22 20:19:11,115 - INFO -   NE mask: 20220909_0-2-2-SIM_N.mrc
2025-09-22 20:19:32,320 - INFO -   PM image shape: (59, 2560, 2560), NE image shape: (59, 2560, 2560)
2025-09-22 20:19:32,320 - INFO -   PM mask shape: (59, 2560, 2560), NE mask shape: (59, 2560, 2560)
2025-09-22 20:19:47,726 - INFO -   PM mask unique values: [0 1]
2025-09-22 20:19:47,727 - INFO -   NE mask unique values: [0 1]
2025-09-22 20:20:09,428 - INFO -   Combined mask unique values: [0 1 2]
2025-09-22 20:20:09,713 - INFO -   Valid slices with annotations: 51/59
2025-09-22 20:20:11,291 - INFO -   Total voxels in valid slices: 334,233,600
2025-09-22 20:20:11,294 - INFO -   Background (0): 325,087,575 (97.3%)
2025-09-22 20:20:11,294 - INFO -   PM (1): 7,685,047 (2.3%)
2025-09-22 20:20:11,295 - INFO -   NE (2): 1,460,978 (0.4%)
2025-09-22 20:20:11,295 - INFO -   Using NATURAL sampling - preserving 3-class distribution
2025-09-22 20:20:11,296 - INFO -   Class ratios - Background: 0.973, PM: 0.023, NE: 0.004
2025-09-22 20:20:11,296 - INFO -   Natural sampling - Background: 19,452, PM: 459, NE: 87
2025-09-22 20:20:11,296 - INFO -   Total samples: 19,998 (0.01% of valid slice voxels)
2025-09-22 20:20:11,296 - INFO -   Extracting features...
2025-09-22 20:24:09,101 - INFO -   Collected 325087575 background, 7685047 PM, 1460978 NE coordinates
2025-09-22 20:25:13,248 - INFO -   ✓ Completed _0-2-2-SIM, collected 19998 samples
2025-09-22 20:25:13,401 - INFO - Checking for invalid values in features...
2025-09-22 20:25:13,424 - INFO - Final dataset info:
2025-09-22 20:25:13,424 - INFO -   Valid IDs: 2
2025-09-22 20:25:13,424 - INFO -   Total samples: 39997
2025-09-22 20:25:13,425 - INFO -   Feature dimensions: 22
2025-09-22 20:25:13,427 - INFO -   Label distribution: [39072   761   164]
2025-09-22 20:25:13,431 - INFO - Unique labels before split: [0 1 2]
2025-09-22 20:25:13,565 - INFO - 
Data split:
2025-09-22 20:25:13,567 - INFO -   Training samples: 31,997
2025-09-22 20:25:13,567 - INFO -   Test samples: 8,000
2025-09-22 20:25:13,568 - INFO -   Training label distribution: [31257   609   131]
2025-09-22 20:25:13,568 - INFO -   Test label distribution: [7815  152   33]
2025-09-22 20:25:13,569 - INFO - Training Random Forest...
2025-09-22 20:25:15,266 - INFO - Training completed in 1.70s
2025-09-22 20:25:15,267 - INFO - 
Evaluating model...
2025-09-22 20:25:15,499 - INFO - Training Accuracy: 0.9938
2025-09-22 20:25:15,499 - INFO - Test Accuracy: 0.9890
2025-09-22 20:25:15,758 - INFO - AUC Scores (One-vs-Rest):
2025-09-22 20:25:15,758 - INFO -   Background: Train=0.9990, Test=0.9812
2025-09-22 20:25:15,759 - INFO -   PM: Train=0.9988, Test=0.9811
2025-09-22 20:25:15,759 - INFO -   NE: Train=0.9993, Test=0.9601
2025-09-22 20:25:15,759 - INFO - Macro-average AUC: Train=0.9991, Test=0.9741
2025-09-22 20:25:15,759 - INFO - 
Classification Report (Test Set):
2025-09-22 20:25:15,781 - INFO -               precision    recall  f1-score   support

  Background       0.99      1.00      1.00      7815
          PM       0.78      0.72      0.75       152
          NE       0.71      0.15      0.25        33

    accuracy                           0.99      8000
   macro avg       0.83      0.62      0.67      8000
weighted avg       0.99      0.99      0.99      8000

2025-09-22 20:25:15,782 - INFO - 
Confusion Matrix (Test Set):
2025-09-22 20:25:15,785 - INFO - Confusion Matrix:
[[7797   17    1]
 [  41  110    1]
 [  14   14    5]]
2025-09-22 20:25:15,831 - INFO - 
Feature Importance:
2025-09-22 20:25:15,832 - INFO -   pm_patch_max: 0.1670
2025-09-22 20:25:15,833 - INFO -   norm_x: 0.1291
2025-09-22 20:25:15,833 - INFO -   pm_patch_mean: 0.1163
2025-09-22 20:25:15,834 - INFO -   pm_patch_std: 0.0992
2025-09-22 20:25:15,834 - INFO -   pm_intensity: 0.0947
2025-09-22 20:25:15,834 - INFO -   pm_patch_min: 0.0769
2025-09-22 20:25:15,835 - INFO -   norm_y: 0.0568
2025-09-22 20:25:15,835 - INFO -   pm_grad_z: 0.0383
2025-09-22 20:25:15,835 - INFO -   intensity_diff: 0.0382
2025-09-22 20:25:15,835 - INFO -   pm_grad_y: 0.0323
